EVA3_6_CURSORES
MySQL Shell 8.0.38

Copyright (c) 2016, 2024, Oracle and/or its affiliates.
Oracle is a registered trademark of Oracle Corporation and/or its affiliates.
Other names may be trademarks of their respective owners.

Type '\help' or '\?' for help; '\quit' to exit.
 MySQL  JS > \sql
Switching to SQL mode... Commands end with ;
 MySQL  SQL > \connect -mc root@localhost
WARNING: The -mc option was deprecated, please use --mc instead. (Option has been processed as --mc).
Creating a Classic session to 'root@localhost'
Fetching global names for auto-completion... Press ^C to stop.
Your MySQL connection id is 24
Server version: 8.0.39 MySQL Community Server - GPL
No default schema selected; type \use <schema> to set one.
 MySQL  localhost:3306 ssl  SQL > create table prueba(id ind key not null);
ERROR: 1064 (42000): You have an error in your SQL syntax; check the manual that corresponds to your MySQL server version for the right syntax to use near 'ind key not null)' at line 1
 MySQL  localhost:3306 ssl  SQL > desc prueba;
ERROR: 1046 (3D000): No database selected
 MySQL  localhost:3306 ssl  SQL > create table prueba(id int key not null);
ERROR: 1046 (3D000): No database selected
 MySQL  localhost:3306 ssl  SQL > use tbd_e3;
Default schema set to `tbd_e3`.
Fetching global names, object names from `tbd_e3` for auto-completion... Press ^C to stop.
 MySQL  localhost:3306 ssl  tbd_e3  SQL > create table prueba(id int key not null);
Query OK, 0 rows affected (0.0633 sec)
 MySQL  localhost:3306 ssl  tbd_e3  SQL > desc prueba;
+-------+------+------+-----+---------+-------+
| Field | Type | Null | Key | Default | Extra |
+-------+------+------+-----+---------+-------+
| id    | int  | NO   | PRI | NULL    |       |
+-------+------+------+-----+---------+-------+
1 row in set (0.0022 sec)
 MySQL  localhost:3306 ssl  tbd_e3  SQL > call insertar_prueb(1);
ERROR: 1305 (42000): PROCEDURE tbd_e3.insertar_prueb does not exist
 MySQL  localhost:3306 ssl  tbd_e3  SQL > call insertar_prueba(1);
+-------------------------------+
| Mensaje                       |
+-------------------------------+
| clave correctamente insertada |
+-------------------------------+
1 row in set (0.0129 sec)

Query OK, 0 rows affected (0.0129 sec)
 MySQL  localhost:3306 ssl  tbd_e3  SQL > call insertar_prueba(1);
+------------------------+
| Mensaje                |
+------------------------+
| Error: clave duplicada |
+------------------------+
1 row in set (0.0080 sec)

Query OK, 0 rows affected (0.0080 sec)
 MySQL  localhost:3306 ssl  tbd_e3  SQL > set @valor = 0;
Query OK, 0 rows affected (0.0076 sec)
 MySQL  localhost:3306 ssl  tbd_e3  SQL > call contar_paises(@valor);
ERROR: 1305 (42000): PROCEDURE tbd_e3.contar_paises does not exist
 MySQL  localhost:3306 ssl  tbd_e3  SQL > select @valor;
+--------+
| @valor |
+--------+
|      0 |
+--------+
1 row in set (0.0006 sec)
 MySQL  localhost:3306 ssl  tbd_e3  SQL > call contar_paises(@valor);
ERROR: 1305 (42000): PROCEDURE tbd_e3.contar_paises does not exist
 MySQL  localhost:3306 ssl  tbd_e3  SQL > call contar_paises(@valor);
ERROR: 1305 (42000): PROCEDURE tbd_e3.contar_paises does not exist
 MySQL  localhost:3306 ssl  tbd_e3  SQL > use empresa;
Default schema set to `empresa`.
Fetching global names, object names from `empresa` for auto-completion... Press ^C to stop.
 MySQL  localhost:3306 ssl  empresa  SQL > set @valor = 0;
Query OK, 0 rows affected (0.0005 sec)
 MySQL  localhost:3306 ssl  empresa  SQL > call contar_paises(@valor);
Query OK, 0 rows affected (0.0099 sec)
 MySQL  localhost:3306 ssl  empresa  SQL > select @valor;
+--------+
| @valor |
+--------+
|     29 |
+--------+
1 row in set (0.0004 sec)
 MySQL  localhost:3306 ssl  empresa  SQL >
